// Jest Snapshot v1, https://goo.gl/fbAQLP

exports[`LoginForm snapshot testing 1`] = `
<form
  className="loginForm"
  onSubmit={[Function]}
>
  <FormField
    autofocus={true}
    className="loginForm-field"
    label="Username"
    name="email"
    onChange={[Function]}
    type="text"
    value=""
  />
  <FormField
    className="loginForm-field"
    label="password"
    name="password"
    onChange={[Function]}
    type="password"
    value=""
  />
  <CheckField
    checked={false}
    className="Checkbox"
    label="Save session "
    name="check"
    onChange={[Function]}
    type="checkbox"
  />
  <styled.button
    className="loginForm-submit"
    disabled={true}
    type="submit"
    variant="primary"
  >
    Log in
  </styled.button>
</form>
`;

exports[`LoginForm snapshot testing with is loading 1`] = `
<form
  className="loginForm"
  onSubmit={[Function]}
>
  <FormField
    autofocus={true}
    className="loginForm-field"
    label="Username"
    name="email"
    onChange={[Function]}
    type="text"
    value=""
  />
  <FormField
    className="loginForm-field"
    label="password"
    name="password"
    onChange={[Function]}
    type="password"
    value=""
  />
  <CheckField
    checked={false}
    className="Checkbox"
    label="Save session "
    name="check"
    onChange={[Function]}
    type="checkbox"
  />
  <styled.button
    className="loginForm-submit"
    disabled={true}
    type="submit"
    variant="primary"
  >
    Log in
  </styled.button>
</form>
`;
